1.a,2.c,input,=
1.a,2.d,input,>
1.a,2.f,input,>
1.b,2.c,inferred,<
1.b,2.d,inferred,{=, <}
1.b,2.f,inferred,!
1.e,2.c,inferred,<
1.e,2.d,inferred,{!, ><}
1.e,2.f,inferred,{=, >}
